###############################################################################
#
# IAR ELF Linker V9.30.1.335/W64 for ARM                  29/Aug/2023  23:27:40
# Copyright 2007-2022 IAR Systems AB.
#
#    Output file  =
#        D:\Project F411-Discovery-IAR\Regis\Interrupt\Debug\Exe\Interrupt.out
#    Map file     =
#        D:\Project F411-Discovery-IAR\Regis\Interrupt\Debug\List\Interrupt.map
#    Command line =
#        -f "D:\Project
#        F411-Discovery-IAR\Regis\Interrupt\Debug\Exe\Interrupt.out.rsp"
#        ("D:\Project F411-Discovery-IAR\Regis\Interrupt\Debug\Obj\Config.o"
#        "D:\Project F411-Discovery-IAR\Regis\Interrupt\Debug\Obj\Custom_BSP.o"
#        "D:\Project F411-Discovery-IAR\Regis\Interrupt\Debug\Obj\Interrupt.o"
#        "D:\Project F411-Discovery-IAR\Regis\Interrupt\Debug\Obj\main.o"
#        "D:\Project F411-Discovery-IAR\Regis\Interrupt\Debug\Obj\star.o"
#        --no_out_extension -o "D:\Project
#        F411-Discovery-IAR\Regis\Interrupt\Debug\Exe\Interrupt.out" --redirect
#        _Printf=_PrintfFullNoMb --redirect _Scanf=_ScanfFullNoMb --map
#        "D:\Project
#        F411-Discovery-IAR\Regis\Interrupt\Debug\List\Interrupt.map" --config
#        "C:\Program Files\IAR Systems\Embedded Workbench
#        9.1\arm/config/linker/ST/stm32f411xE.icf" --semihosting --entry
#        __iar_program_start --vfe --utf8_text_in --text_out utf8
#        --cpu=Cortex-M4 --fpu=None)
#
###############################################################################

*******************************************************************************
*** RUNTIME MODEL ATTRIBUTES
***

CppFlavor       = *
__CPP_Runtime   = 1
__SystemLibrary = DLib
__dlib_version  = 6


*******************************************************************************
*** HEAP SELECTION
***

The basic heap was selected because --advanced_heap
was not specified and the application did not appear to
be primarily optimized for speed.


*******************************************************************************
*** PLACEMENT SUMMARY
***

"A0":  place at address 0x800'0000 { ro section .intvec };
"P1":  place in [from 0x800'0000 to 0x807'ffff] { ro };
define block CSTACK with size = 8K, alignment = 8 { };
define block HEAP with size = 8K, alignment = 8 { };
"P2":  place in [from 0x2000'0000 to 0x2001'ffff] {
          rw, block CSTACK, block HEAP };

No sections matched the following patterns:

  rw  in "P2"


  Section   Kind         Address    Size  Object
  -------   ----         -------    ----  ------
"A0":                               0x54
  .intvec   const     0x800'0000    0x54  star.o [1]
                    - 0x800'0054    0x54

"P1":                              0x194
  .text     ro code   0x800'0054    0x90  Config.o [1]
  .text     ro code   0x800'00e4    0x90  Interrupt.o [1]
  .text     ro code   0x800'0174    0x1e  cmain.o [3]
  .text     ro code   0x800'0192     0x4  low_level_init.o [2]
  .text     ro code   0x800'0196    0x10  main.o [1]
  .text     ro code   0x800'01a6     0x4  exit.o [2]
  .text     ro code   0x800'01ac     0xa  cexit.o [3]
  .text     ro code   0x800'01b8    0x14  exit.o [4]
  .text     ro code   0x800'01cc    0x1c  cstartup_M.o [3]
                    - 0x800'01e8   0x194

"P2":                             0x2000
  CSTACK             0x2000'0000  0x2000  <Block>
    CSTACK  uninit   0x2000'0000  0x2000  <Block tail>
                   - 0x2000'2000  0x2000

Unused ranges:

         From           To      Size
         ----           --      ----
   0x800'01e8   0x807'ffff  0x7'fe18
  0x2000'2000  0x2001'ffff  0x1'e000



*******************************************************************************
*** MODULE SUMMARY
***

    Module            ro code  ro data  rw data
    ------            -------  -------  -------
command line/config:
    -------------------------------------------
    Total:

D:\Project F411-Discovery-IAR\Regis\Interrupt\Debug\Obj: [1]
    Config.o              144
    Interrupt.o           144
    main.o                 16
    star.o                          84
    -------------------------------------------
    Total:                304       84

dl7M_tln.a: [2]
    exit.o                  4
    low_level_init.o        4
    -------------------------------------------
    Total:                  8

rt7M_tl.a: [3]
    cexit.o                10
    cmain.o                30
    cstartup_M.o           28
    -------------------------------------------
    Total:                 68

shb_l.a: [4]
    exit.o                 20
    -------------------------------------------
    Total:                 20

    Gaps                    4
    Linker created                        8'192
-----------------------------------------------
    Grand Total:          404       84    8'192


*******************************************************************************
*** ENTRY LIST
***

Entry                       Address  Size  Type      Object
-----                       -------  ----  ----      ------
?main                    0x800'0175        Code  Gb  cmain.o [3]
CSTACK$$Base            0x2000'0000         --   Gb  - Linker created -
CSTACK$$Limit           0x2000'2000        Data  Gb  - Linker created -
EXTI0_IRQHandler         0x800'0145   0xc  Code  Gb  Interrupt.o [1]
GPIO_Config              0x800'0055  0x3a  Code  Gb  Config.o [1]
GPIO_Config_B1_Interrupt
                         0x800'00fb  0x4a  Code  Gb  Interrupt.o [1]
NVIC_EnableIRQ           0x800'00e5  0x16  Code  Lc  Interrupt.o [1]
Region$$Table$$Base             0x0         --   Gb  - Linker created -
Region$$Table$$Limit            0x0         --   Gb  - Linker created -
SysClockConfig           0x800'008f  0x36  Code  Gb  Config.o [1]
__cmain                  0x800'0175        Code  Gb  cmain.o [3]
__exit                   0x800'01b9  0x14  Code  Gb  exit.o [4]
__iar_program_start      0x800'01cd        Code  Gb  cstartup_M.o [3]
__low_level_init         0x800'0193   0x4  Code  Gb  low_level_init.o [2]
__vector_table           0x800'0000  0x54  Data  Gb  star.o [1]
_call_main               0x800'0181        Code  Gb  cmain.o [3]
_exit                    0x800'01ad        Code  Gb  cexit.o [3]
exit                     0x800'01a7   0x4  Code  Gb  exit.o [2]
main                     0x800'0197  0x10  Code  Gb  main.o [1]


[1] = D:\Project F411-Discovery-IAR\Regis\Interrupt\Debug\Obj
[2] = dl7M_tln.a
[3] = rt7M_tl.a
[4] = shb_l.a

    404 bytes of readonly  code memory
     84 bytes of readonly  data memory
  8'192 bytes of readwrite data memory

Errors: none
Warnings: none
