###############################################################################
#
# IAR ELF Linker V9.30.1.335/W64 for ARM                  20/Aug/2023  20:29:56
# Copyright 2007-2022 IAR Systems AB.
#
#    Output file  =
#        D:\Project F411-Discovery-IAR\Regis\Uart\Debug\Exe\Uart.out
#    Map file     =
#        D:\Project F411-Discovery-IAR\Regis\Uart\Debug\List\Uart.map
#    Command line =
#        -f "D:\Project F411-Discovery-IAR\Regis\Uart\Debug\Exe\Uart.out.rsp"
#        ("D:\Project F411-Discovery-IAR\Regis\Uart\Debug\Obj\Config.o"
#        "D:\Project F411-Discovery-IAR\Regis\Uart\Debug\Obj\main.o"
#        --no_out_extension -o "D:\Project
#        F411-Discovery-IAR\Regis\Uart\Debug\Exe\Uart.out" --redirect
#        _Printf=_PrintfFullNoMb --redirect _Scanf=_ScanfFullNoMb --map
#        "D:\Project F411-Discovery-IAR\Regis\Uart\Debug\List\Uart.map"
#        --config "C:\Program Files\IAR Systems\Embedded Workbench
#        9.1\arm/config/linker/ST/stm32f411xE.icf" --semihosting --entry
#        __iar_program_start --vfe --text_out locale --cpu=Cortex-M4
#        --fpu=VFPv4_sp)
#
###############################################################################

*******************************************************************************
*** RUNTIME MODEL ATTRIBUTES
***

CppFlavor       = *
__CPP_Runtime   = 1
__SystemLibrary = DLib
__dlib_version  = 6


*******************************************************************************
*** HEAP SELECTION
***

The basic heap was selected because --advanced_heap
was not specified and the application did not appear to
be primarily optimized for speed.


*******************************************************************************
*** PLACEMENT SUMMARY
***

"A0":  place at address 0x800'0000 { ro section .intvec };
"P1":  place in [from 0x800'0000 to 0x807'ffff] { ro };
define block CSTACK with size = 8K, alignment = 8 { };
define block HEAP with size = 8K, alignment = 8 { };
"P2":  place in [from 0x2000'0000 to 0x2001'ffff] {
          rw, block CSTACK, block HEAP };

No sections matched the following patterns:

  rw  in "P2"


  Section   Kind         Address    Size  Object
  -------   ----         -------    ----  ------
"A0":                               0x40
  .intvec   ro code   0x800'0000    0x40  vector_table_M.o [4]
                    - 0x800'0040    0x40

"P1":                              0x330
  .text     ro code   0x800'0040   0x130  main.o [1]
  .text     ro code   0x800'0170    0x76  ABImemcpy_unaligned.o [4]
  .text     ro code   0x800'01e6     0x2  vectortrap_M.o [4]
  .text     ro code   0x800'01e8    0xf8  Config.o [1]
  .text     ro code   0x800'02e0    0x22  fpinit_M.o [3]
  .text     ro code   0x800'0304    0x1e  cmain.o [4]
  .text     ro code   0x800'0322     0x4  low_level_init.o [2]
  .text     ro code   0x800'0326     0x4  exit.o [2]
  .text     ro code   0x800'032c     0xa  cexit.o [4]
  .text     ro code   0x800'0338    0x14  exit.o [5]
  .text     ro code   0x800'034c    0x1c  cstartup_M.o [4]
  .rodata   const     0x800'0368     0x8  main.o [1]
                    - 0x800'0370   0x330

"P2":                             0x2000
  CSTACK             0x2000'0000  0x2000  <Block>
    CSTACK  uninit   0x2000'0000  0x2000  <Block tail>
                   - 0x2000'2000  0x2000

Unused ranges:

         From           To      Size
         ----           --      ----
   0x800'0370   0x807'ffff  0x7'fc90
  0x2000'2000  0x2001'ffff  0x1'e000



*******************************************************************************
*** MODULE SUMMARY
***

    Module                 ro code  ro data  rw data
    ------                 -------  -------  -------
command line/config:
    ------------------------------------------------
    Total:

D:\Project F411-Discovery-IAR\Regis\Uart\Debug\Obj: [1]
    Config.o                   248
    main.o                     304        8
    ------------------------------------------------
    Total:                     552        8

dl7M_tln.a: [2]
    exit.o                       4
    low_level_init.o             4
    ------------------------------------------------
    Total:                       8

m7M_tls.a: [3]
    fpinit_M.o                  34
    ------------------------------------------------
    Total:                      34

rt7M_tl.a: [4]
    ABImemcpy_unaligned.o      118
    cexit.o                     10
    cmain.o                     30
    cstartup_M.o                28
    vector_table_M.o            64
    vectortrap_M.o               2
    ------------------------------------------------
    Total:                     252

shb_l.a: [5]
    exit.o                      20
    ------------------------------------------------
    Total:                      20

    Gaps                         6
    Linker created                             8'192
----------------------------------------------------
    Grand Total:               872        8    8'192


*******************************************************************************
*** ENTRY LIST
***

Entry                       Address  Size  Type      Object
-----                       -------  ----  ----      ------
?main                    0x800'0305        Code  Gb  cmain.o [4]
BusFault_Handler         0x800'01e7        Code  Wk  vectortrap_M.o [4]
CSTACK$$Base            0x2000'0000         --   Gb  - Linker created -
CSTACK$$Limit           0x2000'2000         --   Gb  - Linker created -
DebugMon_Handler         0x800'01e7        Code  Wk  vectortrap_M.o [4]
GPIO_Config              0x800'01e9  0x3a  Code  Gb  Config.o [1]
HardFault_Handler        0x800'01e7        Code  Wk  vectortrap_M.o [4]
MemManage_Handler        0x800'01e7        Code  Wk  vectortrap_M.o [4]
NMI_Handler              0x800'01e7        Code  Wk  vectortrap_M.o [4]
PendSV_Handler           0x800'01e7        Code  Wk  vectortrap_M.o [4]
Region$$Table$$Base             0x0         --   Gb  - Linker created -
Region$$Table$$Limit            0x0         --   Gb  - Linker created -
SVC_Handler              0x800'01e7        Code  Wk  vectortrap_M.o [4]
SysClockConfig           0x800'0223  0x36  Code  Gb  Config.o [1]
SysTick_Handler          0x800'01e7        Code  Wk  vectortrap_M.o [4]
TIM2_Config              0x800'0259  0x44  Code  Gb  Config.o [1]
UART2_GetChar            0x800'00e1  0x10  Code  Gb  main.o [1]
UART2_SendChar           0x800'00cf  0x12  Code  Gb  main.o [1]
USART2_Config            0x800'0041  0x8e  Code  Gb  main.o [1]
UsageFault_Handler       0x800'01e7        Code  Wk  vectortrap_M.o [4]
__cmain                  0x800'0305        Code  Gb  cmain.o [4]
__exit                   0x800'0339  0x14  Code  Gb  exit.o [5]
__iar_init_vfp           0x800'02e1        Code  Gb  fpinit_M.o [3]
__iar_program_start      0x800'034d        Code  Gb  cstartup_M.o [4]
__iar_unaligned_memcpy   0x800'0171        Code  Gb  ABImemcpy_unaligned.o [4]
__iar_unaligned_memcpy4
                         0x800'0191        Code  Gb  ABImemcpy_unaligned.o [4]
__iar_unaligned_memcpy8
                         0x800'0191        Code  Gb  ABImemcpy_unaligned.o [4]
__low_level_init         0x800'0323   0x4  Code  Gb  low_level_init.o [2]
__vector_table           0x800'0000        Data  Gb  vector_table_M.o [4]
_call_main               0x800'0311        Code  Gb  cmain.o [4]
_exit                    0x800'032d        Code  Gb  cexit.o [4]
accdelay                 0x800'029d   0xe  Code  Gb  Config.o [1]
exit                     0x800'0327   0x4  Code  Gb  exit.o [2]
main                     0x800'00f1  0x4e  Code  Gb  main.o [1]


[1] = D:\Project F411-Discovery-IAR\Regis\Uart\Debug\Obj
[2] = dl7M_tln.a
[3] = m7M_tls.a
[4] = rt7M_tl.a
[5] = shb_l.a

    872 bytes of readonly  code memory
      8 bytes of readonly  data memory
  8'192 bytes of readwrite data memory

Errors: none
Warnings: none
